2026-09-30T16:51:28.079362Z DEBUG hv2_sandboxd: sbx-d9669cc201634372a964 up in 71.677723ms: build 440.889µs, launch 1.959592ms, agent answering 48.11207ms,          network and envd 21.165422ms
2026-09-30T16:51:28.079362Z DEBUG hv2_sandboxd: sbx-20342c95e93148eca271 up in 71.323416ms: build 780.456µs, launch 1.54842ms, agent answering 50.394032ms,          network and envd 18.600949ms
2026-09-30T16:51:28.079398Z DEBUG hv2_sandboxd: sbx-5108fdd395d447298ccf up in 70.407276ms: build 462.79µs, launch 2.16333ms, agent answering 46.789746ms,          network and envd 20.992261ms
2026-09-30T16:51:28.079660Z DEBUG hv2_sandboxd: sbx-5921c5dd04004289b909 up in 72.079663ms: build 538.822µs, launch 1.909177ms, agent answering 69.603761ms,          network and envd 27.993µs
2026-09-30T16:51:28.079950Z DEBUG hv2_sandboxd: sbx-6bb180eead7e4ad4a615 up in 77.765849ms: build 880.354µs, launch 4.049009ms, agent answering 72.772105ms,          network and envd 65.052µs
2026-09-30T16:51:28.541775Z DEBUG hv2_sandboxd: sbx-ebe30e68d18740058dc1 up in 505.503289ms: build 6.493097ms, launch 45.491128ms, agent answering 453.36782ms,          network and envd 152.206µs
2026-09-30T16:51:28.544872Z DEBUG hv2_sandboxd: sbx-1b5978544d4c4d89a368 up in 508.81623ms: build 5.575528ms, launch 48.791971ms, agent answering 454.272079ms,          network and envd 179.157µs
2026-09-30T16:51:28.558315Z DEBUG hv2_sandboxd: sbx-ceb22c0a32924b089973 up in 522.012697ms: build 6.565267ms, launch 49.609062ms, agent answering 465.760712ms,          network and envd 77.957µs
2026-09-30T16:51:28.584875Z DEBUG hv2_sandboxd: sbx-212209dccff342258c60 up in 547.669491ms: build 5.369151ms, launch 52.412064ms, agent answering 489.710737ms,          network and envd 178.05µs
2026-09-30T16:51:28.622921Z DEBUG hv2_sandboxd: sbx-fb14ec3bf609470abdc2 up in 586.549111ms: build 17.468797ms, launch 36.284714ms, agent answering 532.685453ms,          network and envd 110.518µs
2026-09-30T16:51:28.623308Z DEBUG hv2_sandboxd: sbx-4a9740ac47d04da98450 up in 440.824923ms: build 13.89516ms, launch 72.13087ms, agent answering 354.692904ms,          network and envd 106.219µs
2026-09-30T16:51:28.623618Z DEBUG hv2_sandboxd: sbx-6cd249993c5f4cfab15b up in 419.761407ms: build 7.339673ms, launch 61.498366ms, agent answering 350.863385ms,          network and envd 60.103µs
2026-09-30T16:51:28.623749Z DEBUG hv2_sandboxd: sbx-ae461cb3424a47099962 up in 438.703471ms: build 2.772383ms, launch 25.106565ms, agent answering 410.795579ms,          network and envd 29.074µs
2026-09-30T16:51:28.623999Z DEBUG hv2_sandboxd: sbx-c773cad59212416c970e up in 420.01324ms: build 18.794864ms, launch 52.596431ms, agent answering 348.537256ms,          network and envd 84.809µs
2026-09-30T16:51:28.641880Z DEBUG hv2_sandboxd: sbx-2ad26c14f6284990bb65 up in 357.445837ms: build 18.752985ms, launch 28.662435ms, agent answering 309.933505ms,          network and envd 97.533µs
2026-09-30T16:51:28.642624Z DEBUG hv2_sandboxd: sbx-5233fd7570f34fe6a7f0 up in 450.838408ms: build 12.065207ms, launch 57.395976ms, agent answering 381.201855ms,          network and envd 175.721µs
2026-09-30T16:51:28.644135Z DEBUG hv2_sandboxd: sbx-641a1e5220ef4bf19d4b up in 436.863047ms: build 56.917753ms, launch 26.99053ms, agent answering 352.898749ms,          network and envd 56.296µs
2026-09-30T16:51:28.648441Z DEBUG hv2_sandboxd: sbx-187147e06eec46108d0f up in 612.600038ms: build 6.9923ms, launch 10.950219ms, agent answering 594.56723ms,          network and envd 90.57µs
2026-09-30T16:51:28.650089Z DEBUG hv2_sandboxd: sbx-c7db2bab6686420b8562 up in 533.248079ms: build 35.300053ms, launch 23.027453ms, agent answering 474.850682ms,          network and envd 70.102µs
2026-09-30T16:51:28.674054Z DEBUG hv2_sandboxd: sbx-f981cfd34ccb4889aa11 up in 590.589598ms: build 11.971887ms, launch 65.41802ms, agent answering 513.032998ms,          network and envd 167.545µs
2026-09-30T16:51:28.717656Z DEBUG hv2_sandboxd: sbx-bb385209513641f5b438 up in 448.849719ms: build 12.223235ms, launch 18.618853ms, agent answering 417.822443ms,          network and envd 187.763µs
2026-09-30T16:51:28.717748Z DEBUG hv2_sandboxd: sbx-fb7fda7d71cc4f1ea6da up in 629.245067ms: build 12.60399ms, launch 52.898574ms, agent answering 563.524474ms,          network and envd 219.112µs
2026-09-30T16:51:28.719848Z DEBUG hv2_sandboxd: sbx-e6f1fe6aedcd4079b330 up in 670.487463ms: build 34.066026ms, launch 14.467607ms, agent answering 621.774102ms,          network and envd 180.64µs
2026-09-30T16:51:28.720504Z DEBUG hv2_sandboxd: sbx-d2b4eb27c2144404a455 up in 640.232009ms: build 11.23376ms, launch 6.313694ms, agent answering 622.561814ms,          network and envd 123.532µs
2026-09-30T16:51:28.721345Z DEBUG hv2_sandboxd: sbx-8fd3acb2d4c04c6f9efb up in 685.221851ms: build 2.194934ms, launch 47.612202ms, agent answering 634.894333ms,          network and envd 521.174µs
2026-09-30T16:51:28.726881Z DEBUG hv2_sandboxd: sbx-f82b9d86941c4472a062 up in 522.983411ms: build 5.282326ms, launch 52.091588ms, agent answering 465.403821ms,          network and envd 206.989µs
2026-09-30T16:51:28.777237Z DEBUG hv2_sandboxd: sbx-2f527be68dae414c99cd up in 560.559693ms: build 27.031681ms, launch 21.622768ms, agent answering 511.752257ms,          network and envd 153.488µs
2026-09-30T16:51:28.786135Z DEBUG hv2_sandboxd: sbx-d2e17413542c47f7a32a up in 750.438493ms: build 7.087314ms, launch 52.079129ms, agent answering 691.201758ms,          network and envd 70.903µs
2026-09-30T16:51:28.800190Z DEBUG hv2_sandboxd: sbx-033cce84ec5d4462b503 up in 763.807115ms: build 11.448063ms, launch 112.990055ms, agent answering 639.190652ms,          network and envd 178.996µs
2026-09-30T16:51:28.801695Z DEBUG hv2_sandboxd: sbx-7dd4f563007f484d883e up in 698.107601ms: build 46.876804ms, launch 20.162398ms, agent answering 630.961258ms,          network and envd 107.492µs
2026-09-30T16:51:28.816824Z DEBUG hv2_sandboxd: sbx-d79724d3d1d4409c8387 up in 641.268376ms: build 12.155762ms, launch 23.259358ms, agent answering 605.744241ms,          network and envd 109.586µs
2026-09-30T16:51:28.819574Z DEBUG hv2_sandboxd: sbx-151e149feaaf47598be2 up in 803.854725ms: build 675.69µs, launch 26.25866ms, agent answering 776.742431ms,          network and envd 178.746µs
2026-09-30T16:51:28.821467Z DEBUG hv2_sandboxd: sbx-4e1becff03ce4191a8da up in 808.140162ms: build 4.349423ms, launch 75.073104ms, agent answering 728.617737ms,          network and envd 101.05µs
2026-09-30T16:51:28.834359Z DEBUG hv2_sandboxd: sbx-9be7c9e09cc249bf9eff up in 798.111617ms: build 8.186574ms, launch 58.267377ms, agent answering 731.363183ms,          network and envd 294.994µs
2026-09-30T16:51:28.834399Z DEBUG hv2_sandboxd: sbx-12e7d44dcfeb46828aa7 up in 644.08626ms: build 11.904493ms, launch 51.148055ms, agent answering 580.989689ms,          network and envd 44.173µs
2026-09-30T16:51:28.834459Z DEBUG hv2_sandboxd: sbx-ed0e13c3be5a4216aaf7 up in 798.257522ms: build 8.987545ms, launch 47.78005ms, agent answering 741.415126ms,          network and envd 74.911µs
2026-09-30T16:51:28.837117Z DEBUG hv2_sandboxd: sbx-3183f59ae82e429382c1 up in 801.378862ms: build 7.018895ms, launch 57.298456ms, agent answering 736.965ms,          network and envd 96.682µs
2026-09-30T16:51:28.837695Z DEBUG hv2_sandboxd: sbx-4fcdd34e96cc4d5eb3a1 up in 519.708253ms: build 25.465493ms, launch 23.290878ms, agent answering 470.866341ms,          network and envd 85.701µs
2026-09-30T16:51:28.847242Z DEBUG hv2_sandboxd: sbx-79336c236cb0408983f4 up in 625.843069ms: build 6.637002ms, launch 21.719709ms, agent answering 597.420495ms,          network and envd 66.034µs
2026-09-30T16:51:28.848484Z DEBUG hv2_sandboxd: sbx-06b78ee965bd43c6921b up in 590.826304ms: build 17.72347ms, launch 20.146958ms, agent answering 552.907455ms,          network and envd 48.591µs
2026-09-30T16:51:28.854547Z DEBUG hv2_sandboxd: sbx-2b3cf1fb4f854077b4e0 up in 671.971977ms: build 28.34266ms, launch 51.288723ms, agent answering 592.296992ms,          network and envd 43.822µs
2026-09-30T16:51:28.854584Z DEBUG hv2_sandboxd: sbx-465e9bbe7c574fd5bd65 up in 843.465765ms: build 4.612438ms, launch 37.694809ms, agent answering 801.03225ms,          network and envd 126.448µs
2026-09-30T16:51:28.863057Z DEBUG hv2_sandboxd: sbx-688389aed60d4110bc1d up in 850.856795ms: build 1.099949ms, launch 29.282972ms, agent answering 820.358563ms,          network and envd 115.722µs
2026-09-30T16:51:28.865579Z DEBUG hv2_sandboxd: sbx-4b0c0ea5866d44d5886d up in 616.649373ms: build 14.529416ms, launch 30.385479ms, agent answering 571.63987ms,          network and envd 95.019µs
2026-09-30T16:51:28.867194Z DEBUG hv2_sandboxd: sbx-7d0e76471c9a46af9ced up in 751.163341ms: build 23.537461ms, launch 27.88243ms, agent answering 699.67429ms,          network and envd 69.651µs
2026-09-30T16:51:28.867853Z DEBUG hv2_sandboxd: sbx-7f4b6d334cbe446c87ab up in 656.838328ms: build 46.665615ms, launch 8.536702ms, agent answering 601.574866ms,          network and envd 61.947µs
2026-09-30T16:51:28.889096Z DEBUG hv2_sandboxd: sbx-5f0a81d80a96405ba914 up in 708.43672ms: build 1.873536ms, launch 18.169293ms, agent answering 688.318229ms,          network and envd 76.123µs
2026-09-30T16:51:28.892452Z DEBUG hv2_sandboxd: sbx-6199604435864fa1aad7 up in 777.127449ms: build 39.035026ms, launch 16.354619ms, agent answering 721.596308ms,          network and envd 141.787µs
2026-09-30T16:51:28.894240Z DEBUG hv2_sandboxd: sbx-0b08b40306f549e7a71e up in 786.211148ms: build 42.458434ms, launch 16.104844ms, agent answering 727.536357ms,          network and envd 112.004µs
2026-09-30T16:51:28.894258Z DEBUG hv2_sandboxd: sbx-659358dc47aa4699b0a9 up in 632.968991ms: build 16.825353ms, launch 17.482141ms, agent answering 598.569695ms,          network and envd 92.063µs
2026-09-30T16:51:28.900934Z DEBUG hv2_sandboxd: sbx-bdbe291a78694558ad82 up in 820.678829ms: build 5.586422ms, launch 3.449037ms, agent answering 811.57422ms,          network and envd 69.4µs
2026-09-30T16:51:28.901358Z DEBUG hv2_sandboxd: sbx-401b9b5ed5e647e18ea2 up in 777.071986ms: build 22.593842ms, launch 16.308334ms, agent answering 738.123423ms,          network and envd 46.507µs
2026-09-30T16:51:28.902091Z DEBUG hv2_sandboxd: sbx-7e2c0c792f90487a82d0 up in 608.224296ms: build 21.535209ms, launch 32.0711ms, agent answering 554.584835ms,          network and envd 33.273µs
2026-09-30T16:51:28.902098Z DEBUG hv2_sandboxd: sbx-ae37c5b560e840809456 up in 613.113501ms: build 9.145558ms, launch 33.681843ms, agent answering 570.198907ms,          network and envd 87.344µs
2026-09-30T16:51:28.928147Z DEBUG hv2_sandboxd: sbx-32e2a7f5e840449dbb5d up in 714.553339ms: build 42.300503ms, launch 30.447596ms, agent answering 641.687769ms,          network and envd 117.962µs
2026-09-30T16:51:28.933822Z DEBUG hv2_sandboxd: sbx-455cd7b1e8c247618835 up in 630.611144ms: build 23.11137ms, launch 28.399417ms, agent answering 579.00607ms,          network and envd 94.608µs
2026-09-30T16:51:28.943589Z DEBUG hv2_sandboxd: sbx-3c5f9b531d044ec68ccc up in 652.307655ms: build 40.659054ms, launch 30.68338ms, agent answering 580.89512ms,          network and envd 70.262µs
2026-09-30T16:51:28.943589Z DEBUG hv2_sandboxd: sbx-8285dee64efa4c4e99e5 up in 636.136612ms: build 5.629652ms, launch 33.768252ms, agent answering 596.651715ms,          network and envd 87.694µs
2026-09-30T16:51:28.943939Z DEBUG hv2_sandboxd: sbx-0cdc57db06014802b500 up in 826.162464ms: build 32.684895ms, launch 17.217296ms, agent answering 776.231489ms,          network and envd 28.904µs
2026-09-30T16:51:28.944331Z DEBUG hv2_sandboxd: sbx-9aff3fec4b6347c19091 up in 850.898696ms: build 1.486638ms, launch 8.025642ms, agent answering 841.310373ms,          network and envd 76.273µs
2026-09-30T16:51:28.944364Z DEBUG hv2_sandboxd: sbx-5a2a52c65e1a473fbc84 up in 831.991518ms: build 55.598152ms, launch 32.481163ms, agent answering 743.807025ms,          network and envd 105.348µs
2026-09-30T16:51:28.955830Z DEBUG hv2_sandboxd: sbx-e6ee9ba4e5904f3ab483 up in 850.817615ms: build 43.537504ms, launch 32.099024ms, agent answering 775.101247ms,          network and envd 80.25µs
2026-09-30T16:51:28.957135Z DEBUG hv2_sandboxd: sbx-9f1042ee62ea4178954a up in 843.627017ms: build 31.984073ms, launch 32.287671ms, agent answering 779.312442ms,          network and envd 42.971µs
2026-09-30T16:51:28.957161Z DEBUG hv2_sandboxd: sbx-5d7ba219384c45488dc7 up in 732.053213ms: build 32.681413ms, launch 36.094972ms, agent answering 663.168444ms,          network and envd 108.554µs
2026-09-30T16:51:28.979429Z DEBUG hv2_sandboxd: sbx-e8735c9d959c42328b6b up in 943.247643ms: build 9.014881ms, launch 53.079663ms, agent answering 880.931884ms,          network and envd 222.067µs
2026-09-30T16:51:28.980586Z DEBUG hv2_sandboxd: sbx-6658b26eb582423196bc up in 873.201807ms: build 49.105746ms, launch 28.491827ms, agent answering 795.22436ms,          network and envd 380.174µs
2026-09-30T16:51:28.980884Z DEBUG hv2_sandboxd: sbx-4d074b07ffeb43f79206 up in 869.390309ms: build 39.787356ms, launch 26.497251ms, agent answering 803.049576ms,          network and envd 56.316µs
2026-09-30T16:51:28.981833Z DEBUG hv2_sandboxd: sbx-ddf45ee3c82d463ea1a2 up in 806.3189ms: build 21.875943ms, launch 55.248909ms, agent answering 729.069714ms,          network and envd 125.857µs
2026-09-30T16:51:28.995759Z DEBUG hv2_sandboxd: sbx-82e9c4e20fd1409c8625 up in 779.176766ms: build 27.081288ms, launch 28.92169ms, agent answering 722.990393ms,          network and envd 183.846µs
2026-09-30T16:51:28.997575Z DEBUG hv2_sandboxd: sbx-7d56a97cb5d14ecfabdf up in 884.523828ms: build 41.834539ms, launch 28.878317ms, agent answering 813.710644ms,          network and envd 100.949µs
2026-09-30T16:51:28.999581Z DEBUG hv2_sandboxd: sbx-ec118e6219084190ad98 up in 804.537477ms: build 9.906328ms, launch 56.297453ms, agent answering 738.264415ms,          network and envd 69.491µs
2026-09-30T16:51:29.026063Z DEBUG hv2_sandboxd: sbx-77c30fbdfa314795b838 up in 915.170286ms: build 38.150831ms, launch 17.991033ms, agent answering 858.938293ms,          network and envd 90.63µs
2026-09-30T16:51:29.026816Z DEBUG hv2_sandboxd: sbx-705745f7682e44f295dd up in 926.724544ms: build 4.573129ms, launch 46.328863ms, agent answering 875.746308ms,          network and envd 76.835µs
2026-09-30T16:51:29.027153Z DEBUG hv2_sandboxd: sbx-2930c84fb8bc4a999545 up in 727.361512ms: build 12.213311ms, launch 25.034523ms, agent answering 690.070897ms,          network and envd 43.001µs
2026-09-30T16:51:29.027193Z DEBUG hv2_sandboxd: sbx-47b680e2873543e4add2 up in 816.11097ms: build 57.573393ms, launch 23.471556ms, agent answering 734.981522ms,          network and envd 84.619µs
2026-09-30T16:51:29.028913Z DEBUG hv2_sandboxd: sbx-0ceebb8baa984bf6833b up in 936.887852ms: build 12.898168ms, launch 62.164225ms, agent answering 861.783901ms,          network and envd 41.779µs
2026-09-30T16:51:29.031998Z DEBUG hv2_sandboxd: sbx-66580e63181a45bab12e up in 720.417793ms: build 27.633727ms, launch 19.635332ms, agent answering 673.09332ms,          network and envd 55.704µs
2026-09-30T16:51:29.041495Z DEBUG hv2_sandboxd: sbx-c0c1393ff5674547a4f1 up in 942.693598ms: build 6.304343ms, launch 62.629905ms, agent answering 873.643071ms,          network and envd 116.549µs
2026-09-30T16:51:29.056287Z DEBUG hv2_sandboxd: sbx-f73b8e217c1b4b0c89c3 up in 964.298622ms: build 10.150254ms, launch 68.149589ms, agent answering 885.656766ms,          network and envd 343.055µs
2026-09-30T16:51:29.056783Z DEBUG hv2_sandboxd: sbx-1b2d73152276465bb37f up in 833.320761ms: build 16.474519ms, launch 28.570458ms, agent answering 788.174533ms,          network and envd 102.082µs
2026-09-30T16:51:29.057490Z DEBUG hv2_sandboxd: sbx-ffcc4af549334e51a0b7 up in 947.450056ms: build 36.663697ms, launch 19.021023ms, agent answering 891.718287ms,          network and envd 48.592µs
2026-09-30T16:51:29.057627Z DEBUG hv2_sandboxd: sbx-cb041d95128842588ed3 up in 1.021201385s: build 12.445217ms, launch 53.21619ms, agent answering 955.512597ms,          network and envd 27.481µs
2026-09-30T16:51:29.058271Z DEBUG hv2_sandboxd: sbx-65662c39863e416dabb4 up in 897.248755ms: build 4.622576ms, launch 19.406704ms, agent answering 873.19596ms,          network and envd 23.675µs
2026-09-30T16:51:29.080205Z DEBUG hv2_sandboxd: sbx-4b48bc214d35492681b8 up in 1.044127636s: build 6.500531ms, launch 55.758187ms, agent answering 981.807673ms,          network and envd 61.616µs
2026-09-30T16:51:29.084514Z DEBUG hv2_sandboxd: sbx-58a7c9c0f6264091abb9 up in 1.048109274s: build 6.462595ms, launch 49.499807ms, agent answering 992.046133ms,          network and envd 101.381µs
2026-09-30T16:51:29.084723Z DEBUG hv2_sandboxd: sbx-630e417429ae4a1db359 up in 1.048580349s: build 6.460014ms, launch 57.856826ms, agent answering 984.188808ms,          network and envd 75.051µs
2026-09-30T16:51:29.093627Z DEBUG hv2_sandboxd: sbx-ad8ff84ce7234172a2f5 up in 1.057433771s: build 9.052527ms, launch 54.672597ms, agent answering 993.594502ms,          network and envd 114.385µs
2026-09-30T16:51:29.103363Z DEBUG hv2_sandboxd: sbx-9daea77d95654da6b22e up in 994.566823ms: build 40.84287ms, launch 27.98625ms, agent answering 925.657742ms,          network and envd 80.281µs
2026-09-30T16:51:29.108075Z DEBUG hv2_sandboxd: sbx-2f51416219b14d7c8532 up in 910.68734ms: build 17.587179ms, launch 60.379352ms, agent answering 832.66835ms,          network and envd 52.679µs
2026-09-30T16:51:29.108130Z DEBUG hv2_sandboxd: sbx-a6e14f81f7324ad98db1 up in 937.728511ms: build 21.251148ms, launch 61.354534ms, agent answering 855.058859ms,          network and envd 64.331µs
2026-09-30T16:51:29.108195Z DEBUG hv2_sandboxd: sbx-1be1354741e14bbca0e2 up in 1.018848534s: build 19.032175ms, launch 54.115827ms, agent answering 945.65165ms,          network and envd 49.053µs
2026-09-30T16:51:29.118930Z DEBUG hv2_sandboxd: sbx-9c33b4fad134498f9080 up in 954.646919ms: build 7.458029ms, launch 15.976898ms, agent answering 931.105783ms,          network and envd 106.8µs
2026-09-30T16:51:29.119407Z DEBUG hv2_sandboxd: sbx-37738c59672b4699bb0c up in 899.713081ms: build 23.963551ms, launch 24.836362ms, agent answering 850.860409ms,          network and envd 52.809µs
2026-09-30T16:51:29.119593Z DEBUG hv2_sandboxd: sbx-69a58fe4f9194968afec up in 819.841445ms: build 11.819415ms, launch 53.200522ms, agent answering 754.794447ms,          network and envd 27.091µs
2026-09-30T16:51:29.125089Z DEBUG hv2_sandboxd: sbx-3f72a6e2fbaa45fd9f45 up in 845.986936ms: build 16.569461ms, launch 36.047197ms, agent answering 793.2488ms,          network and envd 122.4µs
2026-09-30T16:51:29.125505Z DEBUG hv2_sandboxd: sbx-55e2933a74ad45868f13 up in 1.110968675s: build 3.498154ms, launch 76.879692ms, agent answering 1.030538481s,          network and envd 52.498µs
2026-09-30T16:51:29.127060Z DEBUG hv2_sandboxd: sbx-f73ea25a5dde4d22a61d up in 874.269474ms: build 9.555387ms, launch 31.491923ms, agent answering 833.164556ms,          network and envd 57.738µs
2026-09-30T16:51:29.127677Z DEBUG hv2_sandboxd: sbx-c45977fa38d14d67a605 up in 949.878869ms: build 9.90877ms, launch 19.014089ms, agent answering 920.893032ms,          network and envd 63.139µs
2026-09-30T16:51:29.196557Z DEBUG hv2_sandboxd: sbx-373e554dde634eceb00d up in 1.160839205s: build 6.963946ms, launch 64.243574ms, agent answering 1.089474345s,          network and envd 157.801µs
2026-09-30T16:51:29.207212Z DEBUG hv2_sandboxd: sbx-7cdc2430f11240c7b9d0 up in 885.643817ms: build 27.464455ms, launch 31.53258ms, agent answering 826.562764ms,          network and envd 84.559µs