hv2-sandboxd: listening on 0.0.0.0:33561, capacity 16
  POST   /sandboxes                -- E2B-shaped (NewSandbox -> Sandbox), boots a real VM and its own process.Process gRPC listener (port in the response's processPort)
  POST   /sandboxes/{id}/exec     -- NOT E2B's envd protocol; a real exec_in_guest (simpler than grpcurl-ing processPort)
  POST   /sandboxes/{id}/connect  -- attach to an existing sandbox; what the E2B SDK's Sandbox.connect() calls
  DELETE /sandboxes/{id}          -- stop the VM and its process.Process listener
  PUT    /sandboxes/{id}/network  -- replace a running sandbox's egress rules
  POST   /sandboxes/{id}/pause    -- suspend to disk; connect or resume brings it back,          and with autoResume so does a request through the proxy
  POST   /sandboxes/{id}/fork     -- checkpoint in place, start `count` copies
  GET    /sandboxes/{id}/network/decisions -- NOT E2B's; the gateway's audit log
sandboxes get no network interface (--network to change that)
sandboxes boot from the kernel (no template snapshot)

sandbox proxy on 0.0.0.0:42597 -- HTTP/2, routed by the authority a client asks for, as 49983-<sandboxID>.<anything>
  grpcurl -plaintext -authority 49983-$SBX.local -H "X-Access-Token: $TOKEN" -import-path crates/hv2-api/proto -proto process.proto \
      -d '{"process":{"cmd":"/bin/sh","args":["-c","echo hi"]}}' \
      localhost:42597 process.Process/Start
[2m2026-10-02T13:34:24.365083Z[0m [34mDEBUG[0m [2mhv2_sandboxd::cold_admission[0m[2m:[0m cold boot admitted [3mvm[0m[2m=[0m"sbx-ab5bd1b836c24c3bb9e1" [3mqueue_ms[0m[2m=[0m0.000931
[2m2026-10-02T13:34:39.889167Z[0m [33m WARN[0m [2mhv2_sandboxd[0m[2m:[0m sbx-ab5bd1b836c24c3bb9e1: guest never became ready: Timeout: no answer from a guest agent on vsock port 1024 within 15s (2726 refused). The guest may not be running, may have no vsock driver, or may not be running hv2-guest-agentd; its console ended: === HV2 READY === | BusyBox v1.37.0 (Debian 1:1.37.0-6+b9) built-in shell (ash) | Enter 'help' for a list of built-in commands. | sh: can't access tty; job control turned off | / # \x1b[6n; VM Running; vCPU 0: 5 exits (0 I/O) in 0.5 s, 16574 in all; pre-kick machine sample: PIC_MASTER LAST_IRR=0x0 IRR=0x32 IMR=0xfb ISR=0x0 PRIORITY=0x0 BASE=0x30 INIT=0 AUTO_EOI=0 ELCR=0x0; PIC_SLAVE LAST_IRR=0x0 IRR=0x0 IMR=0xff ISR=0x0 PRIORITY=0x0 BASE=0x38 INIT=0 AUTO_EOI=0 ELCR=0x0; IOAPIC BASE=0xfec00000 SELECT=0x18 ID=0x0 IRR=0x0 GSI0 RAW=0x10000 VECTOR=0x0 MASKED=1 LEVEL=0 REMOTE_IRR=0 DEST=0x0, GSI1 RAW=0x100000000000820 VECTOR=0x20 MASKED=0 LEVEL=0 REMOTE_IRR=0 DEST=0x1, GSI2 RAW=0x10000 VECTOR=0x0 MASKED=1 LEVEL=0 REMOTE_IRR=0 DEST=0x0, GSI3 RAW=0x10000 VECTOR=0x0 MASKED=1 LEVEL=0 REMOTE_IRR=0 DEST=0x0, GSI4 RAW=0x100000000000823 VECTOR=0x23 MASKED=0 LEVEL=0 REMOTE_IRR=0 DEST=0x1, GSI5 RAW=0x100000000000822 VECTOR=0x22 MASKED=0 LEVEL=0 REMOTE_IRR=0 DEST=0x1, GSI6 RAW=0x10000 VECTOR=0x0 MASKED=1 LEVEL=0 REMOTE_IRR=0 DEST=0x0, GSI7 RAW=0x10000 VECTOR=0x0 MASKED=1 LEVEL=0 REMOTE_IRR=0 DEST=0x0, GSI8 RAW=0x100000000000821 VECTOR=0x21 MASKED=0 LEVEL=0 REMOTE_IRR=0 DEST=0x1, GSI9 RAW=0x10000 VECTOR=0x0 MASKED=1 LEVEL=0 REMOTE_IRR=0 DEST=0x0, GSI10 RAW=0x10000 VECTOR=0x0 MASKED=1 LEVEL=0 REMOTE_IRR=0 DEST=0x0, GSI11 RAW=0x10000 VECTOR=0x0 MASKED=1 LEVEL=0 REMOTE_IRR=0 DEST=0x0, GSI12 RAW=0x10000 VECTOR=0x0 MASKED=1 LEVEL=0 REMOTE_IRR=0 DEST=0x0, GSI13 RAW=0x10000 VECTOR=0x0 MASKED=1 LEVEL=0 REMOTE_IRR=0 DEST=0x0, GSI14 RAW=0x10000 VECTOR=0x0 MASKED=1 LEVEL=0 REMOTE_IRR=0 DEST=0x0, GSI15 RAW=0x10000 VECTOR=0x0 MASKED=1 LEVEL=0 REMOTE_IRR=0 DEST=0x0, GSI16 RAW=0x10000 VECTOR=0x0 MASKED=1 LEVEL=0 REMOTE_IRR=0 DEST=0x0, GSI17 RAW=0x10000 VECTOR=0x0 MASKED=1 LEVEL=0 REMOTE_IRR=0 DEST=0x0, GSI18 RAW=0x10000 VECTOR=0x0 MASKED=1 LEVEL=0 REMOTE_IRR=0 DEST=0x0, GSI19 RAW=0x10000 VECTOR=0x0 MASKED=1 LEVEL=0 REMOTE_IRR=0 DEST=0x0, GSI20 RAW=0x10000 VECTOR=0x0 MASKED=1 LEVEL=0 REMOTE_IRR=0 DEST=0x0, GSI21 RAW=0x10000 VECTOR=0x0 MASKED=1 LEVEL=0 REMOTE_IRR=0 DEST=0x0, GSI22 RAW=0x10000 VECTOR=0x0 MASKED=1 LEVEL=0 REMOTE_IRR=0 DEST=0x0, GSI23 RAW=0x10000 VECTOR=0x0 MASKED=1 LEVEL=0 REMOTE_IRR=0 DEST=0x0; PIT FLAGS=0x0 CH0 COUNT=65536 MODE=255 GATE=1 RW=0 READ=0 WRITE=0 LOADED_NS=0, CH1 COUNT=65536 MODE=255 GATE=1 RW=0 READ=0 WRITE=0 LOADED_NS=126055628948940, CH2 COUNT=65536 MODE=255 GATE=0 RW=0 READ=0 WRITE=0 LOADED_NS=126055628948990; vCPU 0 owner sample: RIP=0xffffffff81eda95f RFLAGS=0x212 CR3=0x49ba000 run_state=Halted RSP=0xffffffff82a03e88 APIC_BASE=0xfee00900 CR8=0x1 TSC=0xfdc528ac4 TSC_DEADLINE=0x103d5c57cc; LAPIC TPR=0x10 PPR=0x10 SVR=0x1ff LVT_TIMER=0x400ec LVT0=0x10700 TIMER_INITIAL=0x0 TIMER_CURRENT=0x0 TIMER_DIVIDE=0x0 ISR=00000000/00000000/00000000/00000000/00000000/00000000/00000000/00000000 IRR=00000000/00000000/00000000/00000000/00000000/00000000/00000000/00000000; EVENTS FLAGS=0xd IRQ_INJECTED=0 VECTOR=0xec SOFT=0 SHADOW=Some(0) EXCEPTION_INJECTED=0 EXCEPTION_VECTOR=0 EXCEPTION_PENDING=None NMI_INJECTED=0 NMI_PENDING=Some(0) NMI_MASKED=0; RUN_RETRIES EINTR=1 EAGAIN=0
[2m2026-10-02T13:34:39.913143Z[0m [34mDEBUG[0m [2mhv2_sandboxd::cold_admission[0m[2m:[0m cold boot admission released [3mvm[0m[2m=[0msbx-ab5bd1b836c24c3bb9e1
[2m2026-10-02T13:34:39.914620Z[0m [34mDEBUG[0m [2mhv2_sandboxd::cold_admission[0m[2m:[0m cold boot admitted [3mvm[0m[2m=[0m"sbx-76595e4a6b394a3c994b" [3mqueue_ms[0m[2m=[0m0.000351
[2m2026-10-02T13:34:40.286004Z[0m [34mDEBUG[0m [2mhv2_sandboxd::cold_admission[0m[2m:[0m cold boot admission released [3mvm[0m[2m=[0msbx-76595e4a6b394a3c994b
