hv2-control-plane: E2B API on 0.0.0.0:44265, envd proxy on 0.0.0.0:40025, store redis://127.0.0.1:39071
hv2-control-plane: web access policies reloaded
hv2-control-plane: API key policies reloaded
hv2-control-plane: web access policies reloaded
hv2-control-plane: API key policies reloaded
hv2-control-plane: API key policies reloaded
hv2-control-plane: web access reload rejected: web access wildcard scope must be the sole entry
hv2-control-plane: web access policies reloaded
hv2-control-plane: API key policies reloaded
hv2-control-plane: web access policies reloaded
hv2-control-plane: API key policies reloaded
hv2-control-plane: API key policies reloaded
hv2-control-plane: web access policies reloaded
hv2-control-plane: API key policies reloaded
hv2-control-plane: web access policies reloaded
hv2-control-plane: API key policies reloaded
hv2-control-plane: web access policies reloaded
hv2-control-plane: web access reload rejected: web access policy needs 1-256 users
hv2-control-plane: API key policies reloaded
hv2-control-plane: web access policies reloaded
hv2-control-plane: API key policies reloaded
