   Compiling num-traits v0.2.19
   Compiling displaydoc v0.2.7
   Compiling minimal-lexical v0.2.1
   Compiling num-conv v0.2.2
   Compiling time-core v0.1.9
   Compiling asn1-rs-derive v0.6.0
   Compiling asn1-rs-impl v0.2.0
   Compiling oid-registry v0.8.1
   Compiling hv2-api v1.1.0 (/var/tmp/hm-tls-bundle/source/crates/hv2-api)
   Compiling time-macros v0.2.32
   Compiling nom v7.1.3
   Compiling tinystr v0.8.4
   Compiling zerotrie v0.2.5
   Compiling icu_collections v2.3.0
   Compiling icu_locale_core v2.3.0
   Compiling chrono v0.4.45
   Compiling num-integer v0.1.47
   Compiling rhai v1.26.1
   Compiling num-bigint v0.4.8
   Compiling time v0.3.55
   Compiling rusticata-macros v4.1.0
   Compiling icu_provider v2.3.0
   Compiling icu_properties v2.3.0
   Compiling icu_normalizer v2.3.0
   Compiling hv2-core v1.1.0 (/var/tmp/hm-tls-bundle/source/crates/hv2-core)
   Compiling pbjson-types v0.9.0
   Compiling idna_adapter v1.2.2
   Compiling idna v1.1.0
   Compiling url v2.5.8
   Compiling asn1-rs v0.7.2
   Compiling tower-http v0.6.11
   Compiling redis v1.7.1
   Compiling reqwest v0.12.28
   Compiling der-parser v10.0.0
   Compiling x509-parser v0.18.1
   Compiling hv2-agent v1.1.0 (/var/tmp/hm-tls-bundle/source/crates/hv2-agent)
   Compiling hv2-runtime v1.1.0 (/var/tmp/hm-tls-bundle/source/crates/hv2-runtime)
   Compiling hv2-cluster v1.1.0 (/var/tmp/hm-tls-bundle/source/crates/hv2-cluster)
    Finished `release` profile [optimized] target(s) in 4m 28s
