{
  "success": true,
  "checks": [
    "missing, absent and expired DNS proofs are refused without binding a real guest",
    "trusted owned HTTPS resolver proves sandbox-bound TXT before routing",
    "certificate-verified HTTPS alias reaches guest web server through both proxies",
    "new TLS handshakes use the renewed certificate while the old guest stream completes",
    "mismatched certificate/key reload preserves the active TLS identity and guest route",
    "unconfigured SNI handshake is refused without a default certificate",
    "optional default certificate activates and is removed through validated TLS reload",
    "owner port update reaches a distinct guest web server without proxy restart",
    "failed TXT revalidation preserves existing guest port and HTTPS response",
    "Redis binding survives control-plane restart",
    "alias request resumes paused guest with retained web-server state",
    "unbind and sandbox deletion stop alias routing",
    "prior sandbox TXT cannot bind a replacement sandbox",
    "deleted sandbox releases hostname ownership for a new sandbox"
  ],
  "cleanup_errors": []
}
