annotated-types==0.8.0
antlr4-python3-runtime==4.13.2
attrs==26.1.0
aws-xray-sdk==2.15.0
blinker==1.9.0
boto3==1.43.107
botocore==1.43.107
certifi==2026.7.22
cffi==2.1.1
cfn-lint==1.57.1
charset-normalizer==3.5.2
click==8.5.0
cryptography==50.0.0
docker==7.2.0
Flask==3.1.3
flask-cors==6.0.5
graphql-core==3.3.0
idna==3.20
itsdangerous==2.2.0
Jinja2==3.1.6
jmespath==1.1.0
joserfc==1.7.5
jsonpatch==1.33
jsonpath-ng==1.8.0
jsonpointer==3.1.1
jsonschema==4.26.0
jsonschema-path==0.5.0
jsonschema-specifications==2025.9.1
lazy-object-proxy==1.12.0
MarkupSafe==3.0.3
moto==5.2.3
mpmath==1.3.0
networkx==3.7
openapi-schema-validator==0.9.0
openapi-spec-validator==0.9.0
pathable==0.6.0
py-partiql-parser==0.6.3
pycparser==3.0
pydantic==2.13.5
pydantic-settings==2.15.0
pydantic_core==2.46.5
pyparsing==3.3.3
python-dateutil==2.9.0.post0
python-dotenv==1.2.4
PyYAML==6.0.3
referencing==0.37.0
regex==2026.9.29
requests==2.34.2
responses==0.26.3
rfc3339-validator==0.1.4
rpds-py==2026.6.3
s3transfer==0.19.2
setuptools==84.0.0
six==1.17.0
sympy==1.14.0
typing-inspection==0.4.4
typing_extensions==4.16.0
urllib3==2.8.0
Werkzeug==3.1.9
wrapt==2.5.0
xmltodict==1.0.4
