   Compiling proc-macro2 v1.0.107
   Compiling quote v1.0.47
   Compiling unicode-ident v1.0.24
   Compiling cfg-if v1.0.4
   Compiling libc v0.2.189
   Compiling pin-project-lite v0.2.17
   Compiling portable-atomic v1.15.0
   Compiling smallvec v1.15.2
   Compiling bytes v1.12.1
   Compiling itoa v1.0.18
   Compiling serde_core v1.0.229
   Compiling log v0.4.34
   Compiling parking_lot_core v0.9.12
   Compiling scopeguard v1.2.0
   Compiling futures-core v0.3.34
   Compiling typenum v1.20.1
   Compiling anyhow v1.0.104
   Compiling version_check v0.9.5
   Compiling stable_deref_trait v1.2.1
   Compiling serde v1.0.229
   Compiling futures-sink v0.3.34
   Compiling zeroize v1.9.0
   Compiling zerocopy v0.8.56
   Compiling lock_api v0.4.14
   Compiling ic-core v0.2.3
   Compiling either v1.17.0
   Compiling slab v0.4.12
   Compiling getrandom v0.3.4
   Compiling zmij v1.0.23
   Compiling memchr v2.8.3
   Compiling once_cell v1.21.4
   Compiling find-msvc-tools v0.1.11
   Compiling thiserror v2.0.21
   Compiling httparse v1.10.1
   Compiling serde_json v1.0.151
   Compiling hashbrown v0.17.1
   Compiling itertools v0.14.0
   Compiling shlex v2.0.1
   Compiling equivalent v1.0.2
   Compiling autocfg v1.5.1
   Compiling futures-task v0.3.34
   Compiling percent-encoding v2.3.2
   Compiling cc v1.4.3
   Compiling futures-util v0.3.34
   Compiling ic-hash v0.2.3
   Compiling http v1.5.0
   Compiling const-oid v0.10.2
   Compiling generic-array v0.14.7
   Compiling tower-service v0.3.3
   Compiling bitflags v2.13.2
   Compiling rustls-pki-types v1.15.1
   Compiling futures-channel v0.3.34
   Compiling litemap v0.8.3
   Compiling hybrid-array v0.4.14
   Compiling indexmap v2.14.0
   Compiling try-lock v0.2.5
   Compiling fnv v1.0.7
   Compiling rustix v1.1.4
   Compiling getrandom v0.4.3
   Compiling prettyplease v0.2.37
   Compiling pulldown-cmark v0.13.4
   Compiling rand_core v0.10.1
   Compiling base64 v0.23.1
   Compiling cmov v0.5.4
   Compiling http-body v1.1.0
   Compiling syn v2.0.119
   Compiling syn v3.0.3
   Compiling ring v0.17.14
   Compiling atomic-waker v1.1.2
   Compiling writeable v0.6.4
   Compiling ctutils v0.4.2
   Compiling want v0.3.1
   Compiling num-traits v0.2.19
   Compiling ic-cipher v0.2.3
   Compiling tracing-core v0.1.36
   Compiling httpdate v1.0.3
   Compiling untrusted v0.9.0
   Compiling linux-raw-sys v0.12.1
   Compiling block-buffer v0.12.1
   Compiling crypto-common v0.2.2
   Compiling crunchy v0.2.4
   Compiling utf8_iter v1.0.4
   Compiling foldhash v0.1.5
   Compiling icu_properties_data v2.3.0
   Compiling icu_normalizer_data v2.3.0
   Compiling regex-syntax v0.8.11
   Compiling unicase v2.9.0
   Compiling form_urlencoded v1.2.2
   Compiling tiny-keccak v2.0.2
   Compiling hashbrown v0.15.5
   Compiling cpufeatures v0.3.0
   Compiling heck v0.5.0
   Compiling fastrand v2.5.0
   Compiling ic-mac v0.2.3
   Compiling fixedbitset v0.5.7
   Compiling ipnet v2.12.1
   Compiling block-buffer v0.10.4
   Compiling crypto-common v0.1.7
   Compiling der v0.8.1
   Compiling errno v0.3.14
   Compiling socket2 v0.6.5
   Compiling signal-hook-registry v1.4.8
   Compiling parking_lot v0.12.5
   Compiling mio v1.2.2
   Compiling getrandom v0.2.17
   Compiling digest v0.11.3
   Compiling rand_core v0.9.5
   Compiling sync_wrapper v1.0.2
   Compiling rustls v0.23.45
   Compiling multimap v0.10.1
   Compiling tower-layer v0.3.3
   Compiling digest v0.10.7
   Compiling keccak v0.2.1
   Compiling iana-time-zone v0.1.65
   Compiling pulldown-cmark-to-cmark v22.0.1
   Compiling subtle v2.6.1
   Compiling winnow v1.0.4
   Compiling cpufeatures v0.2.17
   Compiling base64 v0.22.1
   Compiling ryu v1.0.23
   Compiling sha3 v0.11.0
   Compiling sha1 v0.10.7
   Compiling chrono v0.4.45
   Compiling sha2 v0.11.0
   Compiling hmac v0.13.0
   Compiling const-random-macro v0.1.16
   Compiling ic-ec v0.2.3
   Compiling ic-kdf v0.2.3
   Compiling ic-drbg v0.2.3
   Compiling chacha20 v0.10.2
   Compiling http-body-util v0.1.5
   Compiling petgraph v0.8.3
   Compiling spki v0.8.0
   Compiling toml_parser v1.1.3+spec-1.1.0
   Compiling signature v3.0.0
   Compiling ic-mldsa v0.2.3
   Compiling ic-rsa v0.2.3
   Compiling regex-automata v0.4.18
   Compiling ic-mlkem v0.2.3
   Compiling pkcs8 v0.11.0
   Compiling smartstring v1.0.1
   Compiling ic-ontology v0.2.3
   Compiling ahash v0.8.12
   Compiling mime v0.3.17
   Compiling serde_spanned v1.1.1
   Compiling toml_datetime v1.1.1+spec-1.1.0
   Compiling toml_writer v1.1.2+spec-1.1.0
   Compiling data-encoding v2.11.1
   Compiling rand v0.10.3
   Compiling tempfile v3.27.0
   Compiling memmap2 v0.9.11
   Compiling ic-pkix v0.2.3
   Compiling ic-fips v0.2.3
   Compiling toml v1.1.6+spec-1.1.0
   Compiling static_assertions v1.1.0
   Compiling serde_path_to_error v0.1.20
   Compiling webpki-roots v1.0.9
   Compiling matchit v0.8.4
   Compiling parking v2.2.1
   Compiling crc32fast v1.5.0
   Compiling rustversion v1.0.23
   Compiling thin-vec v0.2.19
   Compiling time-core v0.1.9
   Compiling heapless v0.9.3
   Compiling event-listener v5.4.2
   Compiling deranged v0.5.8
   Compiling synstructure v0.13.2
   Compiling adler2 v2.0.1
   Compiling num-conv v0.2.2
   Compiling const-random v0.1.18
   Compiling powerfmt v0.2.0
   Compiling simd-adler32 v0.3.10
   Compiling byteorder v1.5.0
   Compiling event-listener-strategy v0.5.4
   Compiling uuid v1.26.1
   Compiling miniz_oxide v0.9.1
   Compiling hash32 v0.3.1
   Compiling encoding_rs v0.8.35
   Compiling openssl-probe v0.2.1
   Compiling smoltcp v0.14.0
   Compiling tokio-macros v2.7.2
   Compiling serde_derive v1.0.229
   Compiling zerovec-derive v0.11.5
   Compiling displaydoc v0.2.7
   Compiling thiserror-impl v2.0.21
   Compiling async-trait v0.1.92
   Compiling tonic-build v0.14.6
   Compiling lazy_static v1.5.0
   Compiling rustls-native-certs v0.8.4
   Compiling sharded-slab v0.1.7
   Compiling time v0.3.55
   Compiling backon v1.6.0
   Compiling async-lock v3.4.2
   Compiling tracing-log v0.2.0
   Compiling pem v4.0.0
   Compiling thread_local v1.1.10
   Compiling regex v1.13.1
   Compiling yasna v0.6.0
   Compiling nu-ansi-term v0.50.3
   Compiling managed v0.8.0
   Compiling tracing-attributes v0.1.31
   Compiling zerofrom-derive v0.1.7
   Compiling zerocopy-derive v0.8.56
   Compiling yoke-derive v0.8.2
   Compiling prost-derive v0.14.4
   Compiling rhai_codegen v3.2.0
   Compiling pin-project-internal v1.1.13
   Compiling xxhash-rust v0.8.18
   Compiling flate2 v1.1.10
   Compiling arcstr v1.2.0
   Compiling bitflags v1.3.2
   Compiling filetime v0.2.29
   Compiling twox-hash v2.1.4
   Compiling tar v0.4.46
   Compiling ruzstd v0.8.3
   Compiling tokio v1.53.1
   Compiling arc-swap v1.9.2
   Compiling matchers v0.2.0
   Compiling pin-project v1.1.13
   Compiling tracing v0.1.44
   Compiling axum-core v0.5.6
   Compiling prost v0.14.4
   Compiling zerofrom v0.1.8
   Compiling yoke v0.8.3
   Compiling zerovec v0.11.7
   Compiling zerotrie v0.2.5
   Compiling prost-types v0.14.4
   Compiling rustls-webpki v0.103.14
   Compiling rcgen v0.14.10
   Compiling hv2-sandbox v1.1.0 (/var/tmp/hm-startup-reclaim/source/crates/hv2-sandbox)
   Compiling serde_urlencoded v0.7.1
   Compiling bincode v1.3.3
   Compiling hv2-guest-agent v1.1.0 (/var/tmp/hm-startup-reclaim/source/crates/hv2-guest-agent)
   Compiling pbjson v0.9.0
   Compiling tracing-serde v0.2.0
   Compiling tinystr v0.8.4
   Compiling potential_utf v0.1.6
   Compiling tracing-subscriber v0.3.23
   Compiling icu_locale_core v2.3.0
   Compiling icu_collections v2.3.0
   Compiling hv2-context v1.1.0 (/var/tmp/hm-startup-reclaim/source/crates/hv2-context)
   Compiling prost-build v0.14.4
   Compiling pbjson-build v0.9.0
   Compiling icu_provider v2.3.0
   Compiling tonic-prost-build v0.14.6
   Compiling icu_normalizer v2.3.0
   Compiling icu_properties v2.3.0
   Compiling pbjson-types v0.9.0
   Compiling hv2-api v1.1.0 (/var/tmp/hm-startup-reclaim/source/crates/hv2-api)
   Compiling idna_adapter v1.2.2
   Compiling idna v1.1.0
   Compiling url v2.5.8
   Compiling ppv-lite86 v0.2.21
   Compiling slh-dsa v0.2.0-rc.5
   Compiling rhai v1.26.1
   Compiling rand_chacha v0.9.0
   Compiling tokio-util v0.7.19
   Compiling rand v0.9.5
   Compiling hv2-core v1.1.0 (/var/tmp/hm-startup-reclaim/source/crates/hv2-core)
   Compiling h2 v0.4.16
   Compiling tower v0.5.3
   Compiling tokio-stream v0.1.19
   Compiling combine v4.6.8
   Compiling tungstenite v0.29.0
   Compiling tokio-tungstenite v0.29.0
   Compiling tokio-rustls v0.26.5
   Compiling tower-http v0.6.11
   Compiling redis v1.7.1
   Compiling hyper v1.11.1
   Compiling hyper-util v0.1.21
   Compiling hyper-timeout v0.5.2
   Compiling axum v0.8.9
   Compiling hyper-rustls v0.27.9
   Compiling reqwest v0.12.28
   Compiling tonic v0.14.6
   Compiling hv2-agent v1.1.0 (/var/tmp/hm-startup-reclaim/source/crates/hv2-agent)
   Compiling hv2-net v1.1.0 (/var/tmp/hm-startup-reclaim/source/crates/hv2-net)
   Compiling tonic-prost v0.14.6
   Compiling hv2-runtime v1.1.0 (/var/tmp/hm-startup-reclaim/source/crates/hv2-runtime)
   Compiling hv2-cluster v1.1.0 (/var/tmp/hm-startup-reclaim/source/crates/hv2-cluster)
   Compiling hv2-sandboxd v1.1.0 (/var/tmp/hm-startup-reclaim/source/crates/hv2-sandboxd)
    Finished `release` profile [optimized] target(s) in 11m 48s
